// Jest Snapshot v1, https://goo.gl/fbAQLP

exports[`Documents Api Schema 1`] = `
{
  "created_at": /* DateTime Instance => */ "2021-02-12 13:23:02",
  "id": 1,
  "name": "User-manual.pdf",
  "size": 24681233,
  "type": "application/pdf",
  "url": "http://loxya.test/documents/1",
}
`;

exports[`Documents Api Schema 2`] = `
{
  "created_at": /* DateTime Instance => */ "2021-02-12 13:25:02",
  "id": 2,
  "name": "warranty.pdf",
  "size": 124068,
  "type": "application/pdf",
  "url": "http://loxya.test/documents/2",
}
`;

exports[`Documents Api Schema 3`] = `
{
  "created_at": /* DateTime Instance => */ "2023-05-01 15:15:20",
  "id": 3,
  "name": "plan-de-salle.xls",
  "size": 49802,
  "type": "application/vnd.ms-excel",
  "url": "http://loxya.test/documents/3",
}
`;

exports[`Documents Api Schema 4`] = `
{
  "created_at": /* DateTime Instance => */ "2023-05-02 17:32:05",
  "id": 4,
  "name": "Carte de l'Ã©tudiant.png",
  "size": 9397,
  "type": "image/x-png",
  "url": "http://loxya.test/documents/4",
}
`;

exports[`Documents Api Schema 5`] = `
{
  "created_at": /* DateTime Instance => */ "2023-05-01 15:15:20",
  "id": 5,
  "name": "bon_de_sortie.doc",
  "size": 10014149,
  "type": "application/msword",
  "url": "http://loxya.test/documents/5",
}
`;

exports[`Documents Api Schema 6`] = `
{
  "created_at": /* DateTime Instance => */ "2023-05-01 15:15:20",
  "id": 6,
  "name": "emploi-du-temps.xls",
  "size": 70001,
  "type": "application/vnd.ms-excel",
  "url": "http://loxya.test/documents/6",
}
`;
